[backblue.gif]
[fade.gif]
[index.html]
[learn.microsoft.com/en-us/aspnet/core/index.html]
[learn.microsoft.com/en-us/aspnet/core/index553c.html]
[learn.microsoft.com/en-us/aspnet/core/get-started553c.html]
[learn.microsoft.com/en-us/aspnet/core/overview553c.html]
[learn.microsoft.com/en-us/aspnet/core/tutorials/min-web-api553c.html]
[learn.microsoft.com/en-us/aspnet/core/tutorials/signalr553c.html]
[learn.microsoft.com/en-us/aspnet/core/fundamentals/apis553c.html]
[learn.microsoft.com/en-us/aspnet/core/tutorials/web-api-help-pages-using-swaggerd322.html]
[learn.microsoft.com/en-us/aspnet/core/blazor/index553c.html]
[learn.microsoft.com/en-us/aspnet/core/blazor/hosting-models553c.html]
[learn.microsoft.com/en-us/aspnet/core/blazor/tutorials/build-a-blazor-app553c.html]
[learn.microsoft.com/en-us/aspnet/core/tutorials/razor-pages/razor-pages-start553c.html]
[learn.microsoft.com/en-us/aspnet/core/mvc/views/razor553c.html]
[learn.microsoft.com/en-us/aspnet/core/razor-pages/index553c.html]
[learn.microsoft.com/en-us/aspnet/core/mvc/overview553c.html]
[learn.microsoft.com/en-us/aspnet/core/tutorials/first-mvc-app/start-mvc553c.html]
[learn.microsoft.com/en-us/aspnet/core/mvc/views/overview553c.html]
[learn.microsoft.com/en-us/aspnet/core/mvc/controllers/actions553c.html]
[learn.microsoft.com/en-us/aspnet/core/mvc/controllers/routing553c.html]
[learn.microsoft.com/en-us/aspnet/core/blazor/components/data-binding553c.html]
[learn.microsoft.com/en-us/aspnet/core/data/ef-rp/intro553c.html]
[learn.microsoft.com/en-us/aspnet/core/data/ef-mvc/intro553c.html]
[learn.microsoft.com/en-us/aspnet/core/signalr/introduction553c.html]
[learn.microsoft.com/en-us/aspnet/core/blazor/tutorials/signalr-blazor553c.html]
[learn.microsoft.com/en-us/aspnet/core/tutorials/signalr-typescript-webpack553c.html]
[learn.microsoft.com/en-us/aspnet/core/grpc/index553c.html]
[learn.microsoft.com/en-us/aspnet/core/tutorials/grpc/grpc-start553c.html]
[learn.microsoft.com/en-us/aspnet/core/grpc/basics553c.html]
[learn.microsoft.com/en-us/aspnet/core/grpc/comparison553c.html]
[learn.microsoft.com/en-us/aspnet/core/fundamentals/servers/index553c.html]
[learn.microsoft.com/en-us/aspnet/core/fundamentals/servers/kestrel553c.html]
[learn.microsoft.com/en-us/aspnet/core/host-and-deploy/iis/index553c.html]
[learn.microsoft.com/en-us/aspnet/core/fundamentals/servers/httpsys553c.html]
[learn.microsoft.com/en-us/aspnet/core/host-and-deploy/index553c.html]
[learn.microsoft.com/en-us/aspnet/core/host-and-deploy/azure-apps/index553c.html]
[learn.microsoft.com/en-us/aspnet/core/host-and-deploy/linux-nginx553c.html]
[learn.microsoft.com/en-us/aspnet/core/host-and-deploy/docker/index553c.html]
[learn.microsoft.com/en-us/aspnet/core/security/index553c.html]
[learn.microsoft.com/en-us/aspnet/core/security/how-to-choose-identity-solution553c.html]
[learn.microsoft.com/en-us/aspnet/core/security/authentication/index553c.html]
[learn.microsoft.com/en-us/aspnet/core/security/authorization/introduction553c.html]
[learn.microsoft.com/en-us/aspnet/core/security/data-protection/introduction553c.html]
[learn.microsoft.com/en-us/aspnet/core/security/app-secrets553c.html]
[learn.microsoft.com/en-us/aspnet/core/security/enforcing-ssl553c.html]
[learn.microsoft.com/en-us/aspnet/core/security/docker-https553c.html]
[learn.microsoft.com/en-us/aspnet/core/fundamentals/localization553c.html]
[learn.microsoft.com/en-us/aspnet/core/fundamentals/portable-object-localization553c.html]
[learn.microsoft.com/en-us/aspnet/core/fundamentals/localization-extensibility553c.html]
[learn.microsoft.com/en-us/aspnet/core/fundamentals/troubleshoot-aspnet-core-localization553c.html]
[learn.microsoft.com/en-us/aspnet/core/test/razor-pages-tests553c.html]
[learn.microsoft.com/en-us/aspnet/core/test/integration-tests553c.html]
[learn.microsoft.com/en-us/aspnet/core/test/load-tests553c.html]
[learn.microsoft.com/en-us/aspnet/core/test/troubleshoot553c.html]
[learn.microsoft.com/en-us/aspnet/core/fundamentals/logging/index553c.html]
[learn.microsoft.com/en-us/aspnet/core/fundamentals/best-practices553c.html]
[learn.microsoft.com/en-us/aspnet/core/performance/memory553c.html]
[learn.microsoft.com/en-us/aspnet/core/performance/caching/response553c.html]
[learn.microsoft.com/en-us/aspnet/core/performance/response-compression553c.html]
[learn.microsoft.com/en-us/aspnet/core/performance/diagnostic-tools553c.html]
[learn.microsoft.com/en-us/aspnet/core/mvc/models/model-binding553c.html]
[learn.microsoft.com/en-us/aspnet/core/mvc/models/validation553c.html]
[learn.microsoft.com/en-us/aspnet/core/fundamentals/middleware/index553c.html]
[learn.microsoft.com/en-us/aspnet/core/fundamentals/middleware/request-response553c.html]
[learn.microsoft.com/en-us/aspnet/core/fundamentals/url-rewriting553c.html]
[learn.microsoft.com/en-us/aspnet/core/migration/80-90553c.html]
[learn.microsoft.com/en-us/aspnet/core/migration/70-80553c.html]
[learn.microsoft.com/en-us/aspnet/core/migration/60-70553c.html]
[learn.microsoft.com/en-us/aspnet/core/migration/50-to-60553c.html]
[learn.microsoft.com/en-us/aspnet/core/migration/50-to-60-samples553c.html]
[learn.microsoft.com/en-us/aspnet/core/migration/index.html]
